yarn run v1.22.22
node.exe : warning ..\..\..\..\package.json: No license 
field
No C:\nvm4w\nodejs\yarn.ps1:16 caractere:5
+     & "$basedir/node$exe"  
"$basedir/node_modules/yarn/bin/yarn.js" $ ...
+     ~~~~~~~~~~~~~~~~~~~~~~~~~~~~~~~~~~~~~~~~~~~~~~~~~~~~~~
~~~~~~~~~~~
    + CategoryInfo          : NotSpecified: (warning ..\..\ 
   ....o license field:String) [], RemoteException
    + FullyQualifiedErrorId : NativeCommandError
 
$ next build
[baseline-browser-mapping] The data in this module is over 
two months old.  To ensure accurate Baseline data, please 
update: `npm i baseline-browser-mapping@latest -D`
 ÔÜá Warning: Next.js inferred your workspace root, but it 
may not be correct.
 We detected multiple lockfiles and selected the directory 
of C:\Users\Luiz\package-lock.json as the root directory.
 To silence this warning, set `turbopack.root` in your 
Next.js config, or consider removing one of the lockfiles 
if it's not needed.
   See https://nextjs.org/docs/app/api-reference/config/next
-config-js/turbopack#root-directory for more information.
 Detected additional lockfiles: 
   * C:\Users\Luiz\OneDrive\Documentos\LEXA\lexa\package-loc
k.json

   Ôû▓ Next.js 16.0.5 (Turbopack)
   - Environments: .env.local, .env

   Creating an optimized production build ...
[baseline-browser-mapping] The data in this module is over 
two months old.  To ensure accurate Baseline data, please 
update: `npm i baseline-browser-mapping@latest -D`
 Ô£ô Compiled successfully in 10.4s
   Running TypeScript ...
   Collecting page data using 15 workers ...
[baseline-browser-mapping] The data in this module is over 
two months old.  To ensure accurate Baseline data, please 
update: `npm i baseline-browser-mapping@latest -D`
[baseline-browser-mapping] The data in this module is over 
two months old.  To ensure accurate Baseline data, please 
update: `npm i baseline-browser-mapping@latest -D`
[baseline-browser-mapping] The data in this module is over 
two months old.  To ensure accurate Baseline data, please 
update: `npm i baseline-browser-mapping@latest -D`
[baseline-browser-mapping] The data in this module is over 
two months old.  To ensure accurate Baseline data, please 
update: `npm i baseline-browser-mapping@latest -D`
[baseline-browser-mapping] The data in this module is over 
two months old.  To ensure accurate Baseline data, please 
update: `npm i baseline-browser-mapping@latest -D`
[baseline-browser-mapping] The data in this module is over 
two months old.  To ensure accurate Baseline data, please 
update: `npm i baseline-browser-mapping@latest -D`
[baseline-browser-mapping] The data in this module is over 
two months old.  To ensure accurate Baseline data, please 
update: `npm i baseline-browser-mapping@latest -D`
[baseline-browser-mapping] The data in this module is over 
two months old.  To ensure accurate Baseline data, please 
update: `npm i baseline-browser-mapping@latest -D`
[baseline-browser-mapping] The data in this module is over 
two months old.  To ensure accurate Baseline data, please 
update: `npm i baseline-browser-mapping@latest -D`
[baseline-browser-mapping] The data in this module is over 
two months old.  To ensure accurate Baseline data, please 
update: `npm i baseline-browser-mapping@latest -D`
[baseline-browser-mapping] The data in this module is over 
two months old.  To ensure accurate Baseline data, please 
update: `npm i baseline-browser-mapping@latest -D`
[baseline-browser-mapping] The data in this module is over 
two months old.  To ensure accurate Baseline data, please 
update: `npm i baseline-browser-mapping@latest -D`
[baseline-browser-mapping] The data in this module is over 
two months old.  To ensure accurate Baseline data, please 
update: `npm i baseline-browser-mapping@latest -D`
[baseline-browser-mapping] The data in this module is over 
two months old.  To ensure accurate Baseline data, please 
update: `npm i baseline-browser-mapping@latest -D`
[baseline-browser-mapping] The data in this module is over 
two months old.  To ensure accurate Baseline data, please 
update: `npm i baseline-browser-mapping@latest -D`
   Generating static pages using 15 workers (0/34) ...
[baseline-browser-mapping] The data in this module is over 
two months old.  To ensure accurate Baseline data, please 
update: `npm i baseline-browser-mapping@latest -D`
[baseline-browser-mapping] The data in this module is over 
two months old.  To ensure accurate Baseline data, please 
update: `npm i baseline-browser-mapping@latest -D`
   Generating static pages using 15 workers (8/34) 
   Generating static pages using 15 workers (16/34) 
   Generating static pages using 15 workers (25/34) 
 Ô£ô Generating static pages using 15 workers (34/34) in 1801.3ms
   Finalizing page optimization ...

Route (app)
Ôöî Ôùï /
Ôö£ Ôùï /_not-found
Ôö£ Ôùï /admin/crm-integration
Ôö£ Ôùï /admin/data
Ôö£ Ôùï /agentes
Ôö£ ãÆ /api/admin/data
Ôö£ ãÆ /api/agents
Ôö£ ãÆ /api/agents/[id]
Ôö£ ãÆ /api/agents/[id]/scheduling-rules
Ôö£ ãÆ /api/appointments
Ôö£ ãÆ /api/auth/[...nextauth]
Ôö£ ãÆ /api/conversations
Ôö£ ãÆ /api/conversations/[id]/messages
Ôö£ ãÆ /api/crm/templates
Ôö£ ãÆ /api/dashboard/activities
Ôö£ ãÆ /api/dashboard/metrics
Ôö£ ãÆ /api/dashboard/performance
Ôö£ ãÆ /api/followups
Ôö£ ãÆ /api/google/auth
Ôö£ ãÆ /api/google/callback
Ôö£ ãÆ /api/google/disconnect
Ôö£ ãÆ /api/knowledge
Ôö£ ãÆ /api/matrix
Ôö£ ãÆ /api/organizations
Ôö£ ãÆ /api/organizations/[id]/crm
Ôö£ ãÆ /api/organizations/[id]/crm-sync
Ôö£ ãÆ /api/organizations/[id]/crm-sync/test
Ôö£ ãÆ /api/organizations/[id]/crm/logs
Ôö£ ãÆ /api/organizations/[id]/crm/webhooks
Ôö£ ãÆ /api/organizations/[id]/crm/webhooks/test
Ôö£ ãÆ /api/organizations/[id]/followups
Ôö£ ãÆ /api/organizations/[id]/followups/[followupId]
Ôö£ ãÆ /api/organizations/[id]/knowledge/upload
Ôö£ ãÆ /api/organizations/[id]/whatsapp
Ôö£ ãÆ /api/reminders
Ôö£ ãÆ /api/states
Ôö£ ãÆ /api/webhooks/whatsapp
Ôö£ Ôùï /calendario
Ôö£ Ôùï /clientes
Ôö£ ãÆ /clientes/[id]/agendamento-avancado
Ôö£ ãÆ /clientes/[id]/agente
Ôö£ ãÆ /clientes/[id]/api-keys
Ôö£ ãÆ /clientes/[id]/conhecimento
Ôö£ ãÆ /clientes/[id]/followups
Ôö£ ãÆ /clientes/[id]/integracao-crm
Ôö£ ãÆ /clientes/[id]/integracoes
Ôö£ Ôùï /dashboard
Ôö£ Ôùï /esqueceu-senha
Ôö£ Ôùï /feedback
Ôö£ Ôùï /login
Ôö£ Ôùï /perfil
Ôö£ Ôùï /relatorios
Ôöö Ôùï /whatsapp


Ôùï  (Static)   prerendered as static content
ãÆ  (Dynamic)  server-rendered on demand

Done in 34.56s.
