yarn run v1.22.22
$ next build
node.exe : [baseline-browser-mapping] 
The data in this module is over two 
months old.  To ensure accurate Baseline 
data, please update: `npm i 
baseline-browser-mapping@latest -D`
No C:\Users\gabri\AppData\Roaming\npm\yar
n.ps1:24 caractere:5
+     & "node$exe"  
"$basedir/node_modules/yarn/bin/yarn.js" 
$args
+     ~~~~~~~~~~~~~~~~~~~~~~~~~~~~~~~~~~~
~~~~~~~~~~~~~~~~~~~~~~~~~
    + CategoryInfo          : NotSpecifi 
   ed: ([baseline-brows...ping@latest -  
  D`:String) [], RemoteException
    + FullyQualifiedErrorId : NativeComm 
   andError
 
   Ôû▓ Next.js 16.0.5 (Turbopack)
   - Environments: .env.local, .env

   Creating an optimized production build ...
[baseline-browser-mapping] The data in 
this module is over two months old.  To 
ensure accurate Baseline data, please 
update: `npm i 
baseline-browser-mapping@latest -D`
Turbopack build encountered 2 warnings:
./app/feedback/page.tsx:171:40
Module not found: Can't resolve 
'../services/feedbackService'
[0m [90m 169 |[39m
 [90m 170 |[39m     [36mtry[39m {
[31m[1m>[22m[39m[90m 171 |[39m     
  [36mconst[39m { deleteFeedback } 
[33m=[39m [36mawait[39m [36mimport[
39m([32m"../services/feedbackService"[3
9m)[33m;[39m
 [90m     |[39m                        
                [31m[1m^[22m[39m[31m
[1m^[22m[39m[31m[1m^[22m[39m[31m
[1m^[22m[39m[31m[1m^[22m[39m[31m[
1m^[22m[39m[31m[1m^[22m[39m[31m[1
m^[22m[39m[31m[1m^[22m[39m[31m[1m
^[22m[39m[31m[1m^[22m[39m[31m[1m^
[22m[39m[31m[1m^[22m[39m[31m[1m^
[22m[39m[31m[1m^[22m[39m[31m[1m^[
22m[39m[31m[1m^[22m[39m[31m[1m^[2
2m[39m[31m[1m^[22m[39m[31m[1m^[22
m[39m[31m[1m^[22m[39m[31m[1m^[22m
[39m[31m[1m^[22m[39m[31m[1m^[22m
[39m[31m[1m^[22m[39m[31m[1m^[22m[
39m[31m[1m^[22m[39m[31m[1m^[22m[3
9m[31m[1m^[22m[39m[31m[1m^[22m[39
m[31m[1m^[22m[39m[31m[1m^[22m[39m
[31m[1m^[22m[39m[31m[1m^[22m[39m
[31m[1m^[22m[39m[31m[1m^[22m[39m[
31m[1m^[22m[39m
 [90m 172 |[39m       [36mawait[39m 
deleteFeedback(feedbackId)[33m;[39m
 [90m 173 |[39m       
addToast([32m"Feedback deletado com 
sucesso!"[39m[33m,[39m 
[32m"success"[39m)[33m;[39m
 [90m 174 |[39m       
handleCloseSidebar()[33m;[39m[0m



Import traces:
  Client Component Browser:
    ./app/feedback/page.tsx [Client 
Component Browser]
    ./app/feedback/page.tsx [Server 
Component]

  Client Component SSR:
    ./app/feedback/page.tsx [Client 
Component SSR]
    ./app/feedback/page.tsx [Server 
Component]

https://nextjs.org/docs/messages/module-n
ot-found


./app/whatsapp/page.tsx:451:40
Module not found: Can't resolve 
'../services/feedbackService'
[0m [90m 449 |[39m
 [90m 450 |[39m     [36mtry[39m {
[31m[1m>[22m[39m[90m 451 |[39m     
  [36mconst[39m { createFeedback } 
[33m=[39m [36mawait[39m [36mimport[
39m([32m"../services/feedbackService"[3
9m)[33m;[39m
 [90m     |[39m                        
                [31m[1m^[22m[39m[31m
[1m^[22m[39m[31m[1m^[22m[39m[31m
[1m^[22m[39m[31m[1m^[22m[39m[31m[
1m^[22m[39m[31m[1m^[22m[39m[31m[1
m^[22m[39m[31m[1m^[22m[39m[31m[1m
^[22m[39m[31m[1m^[22m[39m[31m[1m^
[22m[39m[31m[1m^[22m[39m[31m[1m^
[22m[39m[31m[1m^[22m[39m[31m[1m^[
22m[39m[31m[1m^[22m[39m[31m[1m^[2
2m[39m[31m[1m^[22m[39m[31m[1m^[22
m[39m[31m[1m^[22m[39m[31m[1m^[22m
[39m[31m[1m^[22m[39m[31m[1m^[22m
[39m[31m[1m^[22m[39m[31m[1m^[22m[
39m[31m[1m^[22m[39m[31m[1m^[22m[3
9m[31m[1m^[22m[39m[31m[1m^[22m[39
m[31m[1m^[22m[39m[31m[1m^[22m[39m
[31m[1m^[22m[39m[31m[1m^[22m[39m
[31m[1m^[22m[39m[31m[1m^[22m[39m[
31m[1m^[22m[39m
 [90m 452 |[39m
 [90m 453 |[39m       [36mawait[39m 
createFeedback({
 [90m 454 |[39m         
comment[33m:[39m 
feedbackText[33m,[39m[0m



Import traces:
  Client Component Browser:
    ./app/whatsapp/page.tsx [Client 
Component Browser]
    ./app/whatsapp/page.tsx [Server 
Component]

  Client Component SSR:
    ./app/whatsapp/page.tsx [Client 
Component SSR]
    ./app/whatsapp/page.tsx [Server 
Component]

https://nextjs.org/docs/messages/module-n
ot-found



> Build error occurred
Error: Turbopack build failed with 5 
errors:
./app/dashboard/page.tsx:7:1
Module not found: Can't resolve 
'../services/dashboardService'
[0m [90m  5 |[39m [36mimport[39m 
[33mLoading[39m[33m,[39m { 
[33mLoadingCard[39m } [36mfrom[39m [
32m"../components/Loading"[39m[33m;[39
m
 [90m  6 |[39m [36mimport[39m 
[33mError[39m [36mfrom[39m [32m"../c
omponents/Error"[39m[33m;[39m
[31m[1m>[22m[39m[90m  7 |[39m 
[36mimport[39m { 
getDashboardMetrics[33m,[39m 
getPerformanceMetrics[33m,[39m 
getRecentActivities } [36mfrom[39m [32
m"../services/dashboardService"[39m[33m
;[39m
 [90m    |[39m [31m[1m^[22m[39m[31
m[1m^[22m[39m[31m[1m^[22m[39m[31m
[1m^[22m[39m[31m[1m^[22m[39m[31m
[1m^[22m[39m[31m[1m^[22m[39m[31m[
1m^[22m[39m[31m[1m^[22m[39m[31m[1
m^[22m[39m[31m[1m^[22m[39m[31m[1m
^[22m[39m[31m[1m^[22m[39m[31m[1m^
[22m[39m[31m[1m^[22m[39m[31m[1m^
[22m[39m[31m[1m^[22m[39m[31m[1m^[
22m[39m[31m[1m^[22m[39m[31m[1m^[2
2m[39m[31m[1m^[22m[39m[31m[1m^[22
m[39m[31m[1m^[22m[39m[31m[1m^[22m
[39m[31m[1m^[22m[39m[31m[1m^[22m
[39m[31m[1m^[22m[39m[31m[1m^[22m[
39m[31m[1m^[22m[39m[31m[1m^[22m[3
9m[31m[1m^[22m[39m[31m[1m^[22m[39
m[31m[1m^[22m[39m[31m[1m^[22m[39m
[31m[1m^[22m[39m[31m[1m^[22m[39m
[31m[1m^[22m[39m[31m[1m^[22m[39m[
31m[1m^[22m[39m[31m[1m^[22m[39m[3
1m[1m^[22m[39m[31m[1m^[22m[39m[31
m[1m^[22m[39m[31m[1m^[22m[39m[31m
[1m^[22m[39m[31m[1m^[22m[39m[31m
[1m^[22m[39m[31m[1m^[22m[39m[31m[
1m^[22m[39m[31m[1m^[22m[39m[31m[1
m^[22m[39m[31m[1m^[22m[39m[31m[1m
^[22m[39m[31m[1m^[22m[39m[31m[1m^
[22m[39m[31m[1m^[22m[39m[31m[1m^
[22m[39m[31m[1m^[22m[39m[31m[1m^[
22m[39m[31m[1m^[22m[39m[31m[1m^[2
2m[39m[31m[1m^[22m[39m[31m[1m^[22
m[39m[31m[1m^[22m[39m[31m[1m^[22m
[39m[31m[1m^[22m[39m[31m[1m^[22m
[39m[31m[1m^[22m[39m[31m[1m^[22m[
39m[31m[1m^[22m[39m[31m[1m^[22m[3
9m[31m[1m^[22m[39m[31m[1m^[22m[39
m[31m[1m^[22m[39m[31m[1m^[22m[39m
[31m[1m^[22m[39m[31m[1m^[22m[39m
[31m[1m^[22m[39m[31m[1m^[22m[39m[
31m[1m^[22m[39m[31m[1m^[22m[39m[3
1m[1m^[22m[39m[31m[1m^[22m[39m[31
m[1m^[22m[39m[31m[1m^[22m[39m[31m
[1m^[22m[39m[31m[1m^[22m[39m[31m
[1m^[22m[39m[31m[1m^[22m[39m[31m[
1m^[22m[39m[31m[1m^[22m[39m[31m[1
m^[22m[39m[31m[1m^[22m[39m[31m[1m
^[22m[39m[31m[1m^[22m[39m[31m[1m^
[22m[39m[31m[1m^[22m[39m[31m[1m^
[22m[39m[31m[1m^[22m[39m[31m[1m^[
22m[39m[31m[1m^[22m[39m[31m[1m^[2
2m[39m[31m[1m^[22m[39m[31m[1m^[22
m[39m[31m[1m^[22m[39m[31m[1m^[22m
[39m[31m[1m^[22m[39m[31m[1m^[22m
[39m[31m[1m^[22m[39m[31m[1m^[22m[
39m[31m[1m^[22m[39m
 [90m  8 |[39m [36mimport[39m type { 
[33mDashboardMetrics[39m[33m,[39m 
[33mPerformanceMetrics[39m[33m,[39m 
[33mActivity[39m } [36mfrom[39m [32m
"../services/dashboardService"[39m[33m;
[39m
 [90m  9 |[39m
 [90m 10 |[39m [36mimport[39m { 
useSearchParams } [36mfrom[39m [32m"ne
xt/navigation"[39m[33m;[39m[0m



Import traces:
  Client Component Browser:
    ./app/dashboard/page.tsx [Client 
Component Browser]
    ./app/dashboard/page.tsx [Server 
Component]

  Client Component SSR:
    ./app/dashboard/page.tsx [Client 
Component SSR]
    ./app/dashboard/page.tsx [Server 
Component]

https://nextjs.org/docs/messages/module-n
ot-found


./app/components/FeedbackSidebar.tsx:3:1
Module not found: Can't resolve 
'../services/feedbackService'
[0m [90m 1 |[39m [36mimport[39m { 
useEffect[33m,[39m useState } 
[36mfrom[39m 
[32m'react'[39m[33m;[39m
 [90m 2 |[39m [36mimport[39m { 
[33mX[39m[33m,[39m 
[33mCopy[39m[33m,[39m 
[33mExternalLink[39m[33m,[39m 
[33mDownload[39m[33m,[39m 
[33mAlertCircle[39m[33m,[39m 
[33mTrash2[39m[33m,[39m 
[33mMessageSquare[39m[33m,[39m 
[33mHistory[39m } [36mfrom[39m 
[32m'lucide-react'[39m[33m;[39m
[31m[1m>[22m[39m[90m 3 |[39m 
[36mimport[39m { 
[33mFeedback[39m[33m,[39m 
[33mDebugLogEntry[39m[33m,[39m 
getFeedbackDebugLogs[33m,[39m 
[33mFeedbackResponse[39m[33m,[39m 
getFeedbackResponses } [36mfrom[39m [3
2m'../services/feedbackService'[39m[33m
;[39m
 [90m   |[39m [31m[1m^[22m[39m[31m
[1m^[22m[39m[31m[1m^[22m[39m[31m
[1m^[22m[39m[31m[1m^[22m[39m[31m[
1m^[22m[39m[31m[1m^[22m[39m[31m[1
m^[22m[39m[31m[1m^[22m[39m[31m[1m
^[22m[39m[31m[1m^[22m[39m[31m[1m^
[22m[39m[31m[1m^[22m[39m[31m[1m^
[22m[39m[31m[1m^[22m[39m[31m[1m^[
22m[39m[31m[1m^[22m[39m[31m[1m^[2
2m[39m[31m[1m^[22m[39m[31m[1m^[22
m[39m[31m[1m^[22m[39m[31m[1m^[22m
[39m[31m[1m^[22m[39m[31m[1m^[22m
[39m[31m[1m^[22m[39m[31m[1m^[22m[
39m[31m[1m^[22m[39m[31m[1m^[22m[3
9m[31m[1m^[22m[39m[31m[1m^[22m[39
m[31m[1m^[22m[39m[31m[1m^[22m[39m
[31m[1m^[22m[39m[31m[1m^[22m[39m
[31m[1m^[22m[39m[31m[1m^[22m[39m[
31m[1m^[22m[39m[31m[1m^[22m[39m[3
1m[1m^[22m[39m[31m[1m^[22m[39m[31
m[1m^[22m[39m[31m[1m^[22m[39m[31m
[1m^[22m[39m[31m[1m^[22m[39m[31m
[1m^[22m[39m[31m[1m^[22m[39m[31m[
1m^[22m[39m[31m[1m^[22m[39m[31m[1
m^[22m[39m[31m[1m^[22m[39m[31m[1m
^[22m[39m[31m[1m^[22m[39m[31m[1m^
[22m[39m[31m[1m^[22m[39m[31m[1m^
[22m[39m[31m[1m^[22m[39m[31m[1m^[
22m[39m[31m[1m^[22m[39m[31m[1m^[2
2m[39m[31m[1m^[22m[39m[31m[1m^[22
m[39m[31m[1m^[22m[39m[31m[1m^[22m
[39m[31m[1m^[22m[39m[31m[1m^[22m
[39m[31m[1m^[22m[39m[31m[1m^[22m[
39m[31m[1m^[22m[39m[31m[1m^[22m[3
9m[31m[1m^[22m[39m[31m[1m^[22m[39
m[31m[1m^[22m[39m[31m[1m^[22m[39m
[31m[1m^[22m[39m[31m[1m^[22m[39m
[31m[1m^[22m[39m[31m[1m^[22m[39m[
31m[1m^[22m[39m[31m[1m^[22m[39m[3
1m[1m^[22m[39m[31m[1m^[22m[39m[31
m[1m^[22m[39m[31m[1m^[22m[39m[31m
[1m^[22m[39m[31m[1m^[22m[39m[31m
[1m^[22m[39m[31m[1m^[22m[39m[31m[
1m^[22m[39m[31m[1m^[22m[39m[31m[1
m^[22m[39m[31m[1m^[22m[39m[31m[1m
^[22m[39m[31m[1m^[22m[39m[31m[1m^
[22m[39m[31m[1m^[22m[39m[31m[1m^
[22m[39m[31m[1m^[22m[39m[31m[1m^[
22m[39m[31m[1m^[22m[39m[31m[1m^[2
2m[39m[31m[1m^[22m[39m[31m[1m^[22
m[39m[31m[1m^[22m[39m[31m[1m^[22m
[39m[31m[1m^[22m[39m[31m[1m^[22m
[39m[31m[1m^[22m[39m[31m[1m^[22m[
39m[31m[1m^[22m[39m[31m[1m^[22m[3
9m[31m[1m^[22m[39m[31m[1m^[22m[39
m[31m[1m^[22m[39m[31m[1m^[22m[39m
[31m[1m^[22m[39m[31m[1m^[22m[39m
[31m[1m^[22m[39m[31m[1m^[22m[39m[
31m[1m^[22m[39m[31m[1m^[22m[39m[3
1m[1m^[22m[39m[31m[1m^[22m[39m[31
m[1m^[22m[39m[31m[1m^[22m[39m[31m
[1m^[22m[39m[31m[1m^[22m[39m[31m
[1m^[22m[39m[31m[1m^[22m[39m[31m[
1m^[22m[39m[31m[1m^[22m[39m[31m[1
m^[22m[39m[31m[1m^[22m[39m
 [90m 4 |[39m [36mimport[39m { 
useAuth } [36mfrom[39m [32m'@/app/cont
exts/AuthContext'[39m[33m;[39m
 [90m 5 |[39m
 [90m 6 |[39m [36minterface[39m 
[33mFeedbackSidebarProps[39m {[0m



Import traces:
  Client Component Browser:
    ./app/components/FeedbackSidebar.tsx 
[Client Component Browser]
    ./app/feedback/page.tsx [Client 
Component Browser]
    ./app/feedback/page.tsx [Server 
Component]

  Client Component SSR:
    ./app/components/FeedbackSidebar.tsx 
[Client Component SSR]
    ./app/feedback/page.tsx [Client 
Component SSR]
    ./app/feedback/page.tsx [Server 
Component]

https://nextjs.org/docs/messages/module-n
ot-found


./app/relatorios/page.tsx:13:1
Module not found: Can't resolve 
'../services/reportService'
[0m [90m 11 |[39m [36mimport[39m 
[33mModal[39m [36mfrom[39m [32m"../c
omponents/Modal"[39m[33m;[39m
 [90m 12 |[39m [36mimport[39m { 
useToast[33m,[39m 
[33mToastContainer[39m } 
[36mfrom[39m [32m"../components/Toast"
[39m[33m;[39m
[31m[1m>[22m[39m[90m 13 |[39m 
[36mimport[39m { getReports[33m,[39m 
getReportMetrics[33m,[39m 
generateReport[33m,[39m downloadReport 
} [36mfrom[39m [32m"../services/report
Service"[39m[33m;[39m
 [90m    |[39m [31m[1m^[22m[39m[31
m[1m^[22m[39m[31m[1m^[22m[39m[31m
[1m^[22m[39m[31m[1m^[22m[39m[31m
[1m^[22m[39m[31m[1m^[22m[39m[31m[
1m^[22m[39m[31m[1m^[22m[39m[31m[1
m^[22m[39m[31m[1m^[22m[39m[31m[1m
^[22m[39m[31m[1m^[22m[39m[31m[1m^
[22m[39m[31m[1m^[22m[39m[31m[1m^
[22m[39m[31m[1m^[22m[39m[31m[1m^[
22m[39m[31m[1m^[22m[39m[31m[1m^[2
2m[39m[31m[1m^[22m[39m[31m[1m^[22
m[39m[31m[1m^[22m[39m[31m[1m^[22m
[39m[31m[1m^[22m[39m[31m[1m^[22m
[39m[31m[1m^[22m[39m[31m[1m^[22m[
39m[31m[1m^[22m[39m[31m[1m^[22m[3
9m[31m[1m^[22m[39m[31m[1m^[22m[39
m[31m[1m^[22m[39m[31m[1m^[22m[39m
[31m[1m^[22m[39m[31m[1m^[22m[39m
[31m[1m^[22m[39m[31m[1m^[22m[39m[
31m[1m^[22m[39m[31m[1m^[22m[39m[3
1m[1m^[22m[39m[31m[1m^[22m[39m[31
m[1m^[22m[39m[31m[1m^[22m[39m[31m
[1m^[22m[39m[31m[1m^[22m[39m[31m
[1m^[22m[39m[31m[1m^[22m[39m[31m[
1m^[22m[39m[31m[1m^[22m[39m[31m[1
m^[22m[39m[31m[1m^[22m[39m[31m[1m
^[22m[39m[31m[1m^[22m[39m[31m[1m^
[22m[39m[31m[1m^[22m[39m[31m[1m^
[22m[39m[31m[1m^[22m[39m[31m[1m^[
22m[39m[31m[1m^[22m[39m[31m[1m^[2
2m[39m[31m[1m^[22m[39m[31m[1m^[22
m[39m[31m[1m^[22m[39m[31m[1m^[22m
[39m[31m[1m^[22m[39m[31m[1m^[22m
[39m[31m[1m^[22m[39m[31m[1m^[22m[
39m[31m[1m^[22m[39m[31m[1m^[22m[3
9m[31m[1m^[22m[39m[31m[1m^[22m[39
m[31m[1m^[22m[39m[31m[1m^[22m[39m
[31m[1m^[22m[39m[31m[1m^[22m[39m
[31m[1m^[22m[39m[31m[1m^[22m[39m[
31m[1m^[22m[39m[31m[1m^[22m[39m[3
1m[1m^[22m[39m[31m[1m^[22m[39m[31
m[1m^[22m[39m[31m[1m^[22m[39m[31m
[1m^[22m[39m[31m[1m^[22m[39m[31m
[1m^[22m[39m[31m[1m^[22m[39m[31m[
1m^[22m[39m[31m[1m^[22m[39m[31m[1
m^[22m[39m[31m[1m^[22m[39m[31m[1m
^[22m[39m[31m[1m^[22m[39m[31m[1m^
[22m[39m[31m[1m^[22m[39m[31m[1m^
[22m[39m[31m[1m^[22m[39m[31m[1m^[
22m[39m[31m[1m^[22m[39m[31m[1m^[2
2m[39m[31m[1m^[22m[39m[31m[1m^[22
m[39m[31m[1m^[22m[39m
 [90m 14 |[39m [36mimport[39m type { 
[33mReport[39m[33m,[39m 
[33mReportMetrics[39m } [36mfrom[39m 
[32m"../services/reportService"[39m[33
m;[39m
 [90m 15 |[39m [36mimport[39m api 
[36mfrom[39m 
[32m"../lib/api-client"[39m[33m;[39m
 [90m 16 |[39m[0m



Import traces:
  Client Component Browser:
    ./app/relatorios/page.tsx [Client 
Component Browser]
    ./app/relatorios/page.tsx [Server 
Component]

  Client Component SSR:
    ./app/relatorios/page.tsx [Client 
Component SSR]
    ./app/relatorios/page.tsx [Server 
Component]

https://nextjs.org/docs/messages/module-n
ot-found


./app/whatsapp/page.tsx:10:1
Module not found: Can't resolve 
'../services/whatsappService'
[0m [90m  8 |[39m [36mimport[39m { 
useToast[33m,[39m 
[33mToastContainer[39m } 
[36mfrom[39m [32m"../components/Toast"
[39m[33m;[39m
 [90m  9 |[39m [36mimport[39m type { 
[33mChat[39m[33m,[39m 
[33mMessage[39m } [36mfrom[39m [32m"
../services/whatsappService"[39m[33m;[
39m
[31m[1m>[22m[39m[90m 10 |[39m 
[36mimport[39m { getChats[33m,[39m 
getMessages[33m,[39m sendMessage 
[36mas[39m sendWhatsAppMessage } 
[36mfrom[39m [32m"../services/whatsapp
Service"[39m[33m;[39m
 [90m    |[39m [31m[1m^[22m[39m[31
m[1m^[22m[39m[31m[1m^[22m[39m[31m
[1m^[22m[39m[31m[1m^[22m[39m[31m
[1m^[22m[39m[31m[1m^[22m[39m[31m[
1m^[22m[39m[31m[1m^[22m[39m[31m[1
m^[22m[39m[31m[1m^[22m[39m[31m[1m
^[22m[39m[31m[1m^[22m[39m[31m[1m^
[22m[39m[31m[1m^[22m[39m[31m[1m^
[22m[39m[31m[1m^[22m[39m[31m[1m^[
22m[39m[31m[1m^[22m[39m[31m[1m^[2
2m[39m[31m[1m^[22m[39m[31m[1m^[22
m[39m[31m[1m^[22m[39m[31m[1m^[22m
[39m[31m[1m^[22m[39m[31m[1m^[22m
[39m[31m[1m^[22m[39m[31m[1m^[22m[
39m[31m[1m^[22m[39m[31m[1m^[22m[3
9m[31m[1m^[22m[39m[31m[1m^[22m[39
m[31m[1m^[22m[39m[31m[1m^[22m[39m
[31m[1m^[22m[39m[31m[1m^[22m[39m
[31m[1m^[22m[39m[31m[1m^[22m[39m[
31m[1m^[22m[39m[31m[1m^[22m[39m[3
1m[1m^[22m[39m[31m[1m^[22m[39m[31
m[1m^[22m[39m[31m[1m^[22m[39m[31m
[1m^[22m[39m[31m[1m^[22m[39m[31m
[1m^[22m[39m[31m[1m^[22m[39m[31m[
1m^[22m[39m[31m[1m^[22m[39m[31m[1
m^[22m[39m[31m[1m^[22m[39m[31m[1m
^[22m[39m[31m[1m^[22m[39m[31m[1m^
[22m[39m[31m[1m^[22m[39m[31m[1m^
[22m[39m[31m[1m^[22m[39m[31m[1m^[
22m[39m[31m[1m^[22m[39m[31m[1m^[2
2m[39m[31m[1m^[22m[39m[31m[1m^[22
m[39m[31m[1m^[22m[39m[31m[1m^[22m
[39m[31m[1m^[22m[39m[31m[1m^[22m
[39m[31m[1m^[22m[39m[31m[1m^[22m[
39m[31m[1m^[22m[39m[31m[1m^[22m[3
9m[31m[1m^[22m[39m[31m[1m^[22m[39
m[31m[1m^[22m[39m[31m[1m^[22m[39m
[31m[1m^[22m[39m[31m[1m^[22m[39m
[31m[1m^[22m[39m[31m[1m^[22m[39m[
31m[1m^[22m[39m[31m[1m^[22m[39m[3
1m[1m^[22m[39m[31m[1m^[22m[39m[31
m[1m^[22m[39m[31m[1m^[22m[39m[31m
[1m^[22m[39m[31m[1m^[22m[39m[31m
[1m^[22m[39m[31m[1m^[22m[39m[31m[
1m^[22m[39m[31m[1m^[22m[39m[31m[1
m^[22m[39m[31m[1m^[22m[39m[31m[1m
^[22m[39m[31m[1m^[22m[39m[31m[1m^
[22m[39m[31m[1m^[22m[39m[31m[1m^
[22m[39m[31m[1m^[22m[39m[31m[1m^[
22m[39m[31m[1m^[22m[39m[31m[1m^[2
2m[39m[31m[1m^[22m[39m[31m[1m^[22
m[39m
 [90m 11 |[39m [36mimport[39m { 
useConversationStream } [36mfrom[39m [
32m"../hooks/useConversationStream"[39m
[33m;[39m
 [90m 12 |[39m [36mimport[39m type { 
[33mQuickResponse[39m[33m,[39m 
[33mCreateQuickResponseData[39m } 
[36mfrom[39m [32m"../services/quickRes
ponseService"[39m[33m;[39m
 [90m 13 |[39m [36mimport[39m api 
[36mfrom[39m [32m"../lib/api-client"[
39m[33m;[39m[0m



Import traces:
  Client Component Browser:
    ./app/whatsapp/page.tsx [Client 
Component Browser]
    ./app/whatsapp/page.tsx [Server 
Component]

  Client Component SSR:
    ./app/whatsapp/page.tsx [Client 
Component SSR]
    ./app/whatsapp/page.tsx [Server 
Component]

https://nextjs.org/docs/messages/module-n
ot-found


./app/components/whatsapp/QuickResponseMo
dal.tsx:7:1
Module not found: Can't resolve 
'@/app/services/quickResponseService'
[0m [90m  5 |[39m [36mimport[39m 
[33mModal[39m [36mfrom[39m 
[32m"../Modal"[39m[33m;[39m
 [90m  6 |[39m [36mimport[39m type { 
[33mQuickResponse[39m[33m,[39m 
[33mCreateQuickResponseData[39m } 
[36mfrom[39m [32m"@/app/services/quick
ResponseService"[39m[33m;[39m
[31m[1m>[22m[39m[90m  7 |[39m 
[36mimport[39m { fileToDataUrl } 
[36mfrom[39m [32m"@/app/services/quick
ResponseService"[39m[33m;[39m
 [90m    |[39m [31m[1m^[22m[39m[31
m[1m^[22m[39m[31m[1m^[22m[39m[31m
[1m^[22m[39m[31m[1m^[22m[39m[31m
[1m^[22m[39m[31m[1m^[22m[39m[31m[
1m^[22m[39m[31m[1m^[22m[39m[31m[1
m^[22m[39m[31m[1m^[22m[39m[31m[1m
^[22m[39m[31m[1m^[22m[39m[31m[1m^
[22m[39m[31m[1m^[22m[39m[31m[1m^
[22m[39m[31m[1m^[22m[39m[31m[1m^[
22m[39m[31m[1m^[22m[39m[31m[1m^[2
2m[39m[31m[1m^[22m[39m[31m[1m^[22
m[39m[31m[1m^[22m[39m[31m[1m^[22m
[39m[31m[1m^[22m[39m[31m[1m^[22m
[39m[31m[1m^[22m[39m[31m[1m^[22m[
39m[31m[1m^[22m[39m[31m[1m^[22m[3
9m[31m[1m^[22m[39m[31m[1m^[22m[39
m[31m[1m^[22m[39m[31m[1m^[22m[39m
[31m[1m^[22m[39m[31m[1m^[22m[39m
[31m[1m^[22m[39m[31m[1m^[22m[39m[
31m[1m^[22m[39m[31m[1m^[22m[39m[3
1m[1m^[22m[39m[31m[1m^[22m[39m[31
m[1m^[22m[39m[31m[1m^[22m[39m[31m
[1m^[22m[39m[31m[1m^[22m[39m[31m
[1m^[22m[39m[31m[1m^[22m[39m[31m[
1m^[22m[39m[31m[1m^[22m[39m[31m[1
m^[22m[39m[31m[1m^[22m[39m[31m[1m
^[22m[39m[31m[1m^[22m[39m[31m[1m^
[22m[39m[31m[1m^[22m[39m[31m[1m^
[22m[39m[31m[1m^[22m[39m[31m[1m^[
22m[39m[31m[1m^[22m[39m[31m[1m^[2
2m[39m[31m[1m^[22m[39m[31m[1m^[22
m[39m[31m[1m^[22m[39m[31m[1m^[22m
[39m[31m[1m^[22m[39m[31m[1m^[22m
[39m[31m[1m^[22m[39m
 [90m  8 |[39m
 [90m  9 |[39m [36minterface[39m 
[33mQuickResponseModalProps[39m {
 [90m 10 |[39m     isOpen[33m:[39m 
boolean[33m;[39m[0m

Import map: aliased to relative 
'./app/services/quickResponseService' 
inside of [project]/


Import traces:
  Client Component Browser:
    ./app/components/whatsapp/QuickRespon
seModal.tsx [Client Component Browser]
    ./app/whatsapp/page.tsx [Client 
Component Browser]
    ./app/whatsapp/page.tsx [Server 
Component]

  Client Component SSR:
    ./app/components/whatsapp/QuickRespon
seModal.tsx [Client Component SSR]
    ./app/whatsapp/page.tsx [Client 
Component SSR]
    ./app/whatsapp/page.tsx [Server 
Component]

https://nextjs.org/docs/messages/module-n
ot-found


    at <unknown> 
(./app/dashboard/page.tsx:7:1)
    at <unknown> (https://nextjs.org/docs
/messages/module-not-found)
    at <unknown> (./app/components/Feedba
ckSidebar.tsx:3:1)
    at <unknown> (https://nextjs.org/docs
/messages/module-not-found)
    at <unknown> 
(./app/relatorios/page.tsx:13:1)
    at <unknown> (https://nextjs.org/docs
/messages/module-not-found)
    at <unknown> 
(./app/whatsapp/page.tsx:10:1)
    at <unknown> (https://nextjs.org/docs
/messages/module-not-found)
    at <unknown> (./app/components/whatsa
pp/QuickResponseModal.tsx:7:1)
    at <unknown> (https://nextjs.org/docs
/messages/module-not-found)
error Command failed with exit code 1.
info Visit https://yarnpkg.com/en/docs/cli/run for documentation about this command.
